Archive member included because of file (symbol)

/usr/local/sce/ee/gcc/lib/gcc-lib/ee/3.2-ee-040921/libgcc.a(unwind-dw2-fde.o)
                              /usr/local/sce/ee/gcc/lib/gcc-lib/ee/3.2-ee-040921/crtbegin.o (__register_frame_info)
/usr/local/sce/ee/gcc/lib/gcc-lib/ee/3.2-ee-040921/../../../../ee/lib/libc.a(abort.o)
                              /usr/local/sce/ee/gcc/lib/gcc-lib/ee/3.2-ee-040921/libgcc.a(unwind-dw2-fde.o) (abort)
/usr/local/sce/ee/gcc/lib/gcc-lib/ee/3.2-ee-040921/../../../../ee/lib/libc.a(atexit.o)
                              obj/crt0.o (atexit)
/usr/local/sce/ee/gcc/lib/gcc-lib/ee/3.2-ee-040921/../../../../ee/lib/libc.a(exit.o)
                              obj/crt0.o (exit)
/usr/local/sce/ee/gcc/lib/gcc-lib/ee/3.2-ee-040921/../../../../ee/lib/libc.a(impure.o)
                              /usr/local/sce/ee/gcc/lib/gcc-lib/ee/3.2-ee-040921/../../../../ee/lib/libc.a(atexit.o) (_impure_ptr)
/usr/local/sce/ee/gcc/lib/gcc-lib/ee/3.2-ee-040921/../../../../ee/lib/libc.a(malloc.o)
                              obj/src/os/system.c.o (malloc)
/usr/local/sce/ee/gcc/lib/gcc-lib/ee/3.2-ee-040921/../../../../ee/lib/libc.a(mallocr.o)
                              /usr/local/sce/ee/gcc/lib/gcc-lib/ee/3.2-ee-040921/../../../../ee/lib/libc.a(malloc.o) (_malloc_r)
/usr/local/sce/ee/gcc/lib/gcc-lib/ee/3.2-ee-040921/../../../../ee/lib/libc.a(mlock.o)
                              /usr/local/sce/ee/gcc/lib/gcc-lib/ee/3.2-ee-040921/../../../../ee/lib/libc.a(mallocr.o) (__malloc_lock)
/usr/local/sce/ee/gcc/lib/gcc-lib/ee/3.2-ee-040921/../../../../ee/lib/libc.a(sbrkr.o)
                              /usr/local/sce/ee/gcc/lib/gcc-lib/ee/3.2-ee-040921/../../../../ee/lib/libc.a(mallocr.o) (_sbrk_r)
/usr/local/sce/ee/gcc/lib/gcc-lib/ee/3.2-ee-040921/../../../../ee/lib/libc.a(signal.o)
                              /usr/local/sce/ee/gcc/lib/gcc-lib/ee/3.2-ee-040921/../../../../ee/lib/libc.a(abort.o) (raise)
/usr/local/sce/ee/gcc/lib/gcc-lib/ee/3.2-ee-040921/../../../../ee/lib/libc.a(signalr.o)
                              /usr/local/sce/ee/gcc/lib/gcc-lib/ee/3.2-ee-040921/../../../../ee/lib/libc.a(signal.o) (_kill_r)
/usr/local/sce/ee/gcc/lib/gcc-lib/ee/3.2-ee-040921/../../../../ee/lib/libc.a(strlen.o)
                              /usr/local/sce/ee/gcc/lib/gcc-lib/ee/3.2-ee-040921/libgcc.a(unwind-dw2-fde.o) (strlen)
/usr/local/sce/ee/gcc/lib/gcc-lib/ee/3.2-ee-040921/../../../../ee/lib/libc.a(freer.o)
                              /usr/local/sce/ee/gcc/lib/gcc-lib/ee/3.2-ee-040921/../../../../ee/lib/libc.a(malloc.o) (_free_r)
/usr/local/sce/ee/gcc/lib/gcc-lib/ee/3.2-ee-040921/../../../../ee/lib/libc.a(reent.o)
                              /usr/local/sce/ee/gcc/lib/gcc-lib/ee/3.2-ee-040921/../../../../ee/lib/libc.a(sbrkr.o) (errno)
/usr/local/sce/ee/lib/libkernl.a(klib.o)
                              obj/src/os/mtc.c.o (CreateThread)
/usr/local/sce/ee/lib/libkernl.a(glue.o)
                              /usr/local/sce/ee/gcc/lib/gcc-lib/ee/3.2-ee-040921/../../../../ee/lib/libc.a(sbrkr.o) (sbrk)
/usr/local/sce/ee/lib/libkernl.a(intr.o)
                              /usr/local/sce/ee/gcc/lib/gcc-lib/ee/3.2-ee-040921/../../../../ee/lib/libc.a(mlock.o) (QueryIntrContext)
/usr/local/sce/ee/lib/libkernl.a(tty.o)
                              /usr/local/sce/ee/lib/libkernl.a(glue.o) (sceTtyWrite)
/usr/local/sce/ee/lib/libkernl.a(kprintf2.o)
                              obj/src/os/system.c.o (scePrintf)
/usr/local/sce/ee/lib/libkernl.a(diei.o)
                              /usr/local/sce/ee/gcc/lib/gcc-lib/ee/3.2-ee-040921/libgcc.a(unwind-dw2-fde.o) (DIntr)
/usr/local/sce/ee/lib/libkernl.a(initsys.o)
                              obj/crt0.o (_InitSys)
/usr/local/sce/ee/lib/libkernl.a(libosd.o)
                              /usr/local/sce/ee/lib/libkernl.a(initsys.o) (InitExecPS2)
/usr/local/sce/ee/lib/libkernl.a(exit.o)
                              obj/crt0.o (Exit)
/usr/local/sce/ee/lib/libkernl.a(alarm.o)
                              /usr/local/sce/ee/lib/libkernl.a(initsys.o) (InitAlarm)
/usr/local/sce/ee/lib/libkernl.a(timer.o)
                              /usr/local/sce/ee/lib/libkernl.a(initsys.o) (InitTimer)
/usr/local/sce/ee/lib/libkernl.a(timeralarm.o)
                              /usr/local/sce/ee/lib/libkernl.a(timer.o) (_InitAlarm)
/usr/local/sce/ee/lib/libkernl.a(iopnotify.o)
                              /usr/local/sce/ee/lib/libkernl.a(initsys.o) (sceSifInitRebootNotify)
/usr/local/sce/ee/lib/libkernl.a(thread.o)
                              /usr/local/sce/ee/lib/libkernl.a(initsys.o) (InitThread)
/usr/local/sce/ee/lib/libkernl.a(deci2.o)
                              /usr/local/sce/ee/lib/libkernl.a(tty.o) (sceDeci2Open)
/usr/local/sce/ee/lib/libkernl.a(tlbfunc.o)
                              /usr/local/sce/ee/lib/libkernl.a(exit.o) (_kExecArg)
/usr/local/sce/ee/lib/libkernl.a(tlbtrap.o)
                              /usr/local/sce/ee/lib/libkernl.a(tlbfunc.o) (_kTLBException)
/usr/local/sce/ee/gcc/lib/gcc-lib/ee/3.2-ee-040921/libgcc.a(_floatdisf.o)
                              /usr/local/sce/ee/lib/libkernl.a(timer.o) (__floatdisf)
/usr/local/sce/ee/gcc/lib/gcc-lib/ee/3.2-ee-040921/libgcc.a(_fixunsdfdi.o)
                              /usr/local/sce/ee/lib/libkernl.a(kprintf2.o) (__fixunsdfdi)
/usr/local/sce/ee/gcc/lib/gcc-lib/ee/3.2-ee-040921/libgcc.a(_fixunssfdi.o)
                              /usr/local/sce/ee/lib/libkernl.a(timer.o) (__fixunssfdi)
/usr/local/sce/ee/gcc/lib/gcc-lib/ee/3.2-ee-040921/libgcc.a(_divdi3.o)
                              /usr/local/sce/ee/lib/libkernl.a(kprintf2.o) (__divdi3)
/usr/local/sce/ee/gcc/lib/gcc-lib/ee/3.2-ee-040921/libgcc.a(_moddi3.o)
                              /usr/local/sce/ee/lib/libkernl.a(kprintf2.o) (__moddi3)
/usr/local/sce/ee/gcc/lib/gcc-lib/ee/3.2-ee-040921/libgcc.a(_udivdi3.o)
                              /usr/local/sce/ee/lib/libkernl.a(kprintf2.o) (__udivdi3)
/usr/local/sce/ee/gcc/lib/gcc-lib/ee/3.2-ee-040921/libgcc.a(_umoddi3.o)
                              /usr/local/sce/ee/lib/libkernl.a(kprintf2.o) (__umoddi3)
/usr/local/sce/ee/gcc/lib/gcc-lib/ee/3.2-ee-040921/libgcc.a(_sf_to_df.o)
                              /usr/local/sce/ee/lib/libkernl.a(kprintf2.o) (fptodp)
/usr/local/sce/ee/gcc/lib/gcc-lib/ee/3.2-ee-040921/libgcc.a(_addsub_df.o)
                              /usr/local/sce/ee/gcc/lib/gcc-lib/ee/3.2-ee-040921/libgcc.a(_floatdisf.o) (dpadd)
/usr/local/sce/ee/gcc/lib/gcc-lib/ee/3.2-ee-040921/libgcc.a(_mul_df.o)
                              /usr/local/sce/ee/lib/libkernl.a(kprintf2.o) (dpmul)
/usr/local/sce/ee/gcc/lib/gcc-lib/ee/3.2-ee-040921/libgcc.a(_div_df.o)
                              /usr/local/sce/ee/lib/libkernl.a(kprintf2.o) (dpdiv)
/usr/local/sce/ee/gcc/lib/gcc-lib/ee/3.2-ee-040921/libgcc.a(_compare_df.o)
                              /usr/local/sce/ee/lib/libkernl.a(kprintf2.o) (dpcmp)
/usr/local/sce/ee/gcc/lib/gcc-lib/ee/3.2-ee-040921/libgcc.a(_si_to_df.o)
                              /usr/local/sce/ee/gcc/lib/gcc-lib/ee/3.2-ee-040921/libgcc.a(_floatdisf.o) (litodp)
/usr/local/sce/ee/gcc/lib/gcc-lib/ee/3.2-ee-040921/libgcc.a(_make_df.o)
                              /usr/local/sce/ee/gcc/lib/gcc-lib/ee/3.2-ee-040921/libgcc.a(_sf_to_df.o) (__make_dp)
/usr/local/sce/ee/gcc/lib/gcc-lib/ee/3.2-ee-040921/libgcc.a(_df_to_sf.o)
                              /usr/local/sce/ee/lib/libkernl.a(kprintf2.o) (dptofp)
/usr/local/sce/ee/gcc/lib/gcc-lib/ee/3.2-ee-040921/libgcc.a(_thenan_df.o)
                              /usr/local/sce/ee/gcc/lib/gcc-lib/ee/3.2-ee-040921/libgcc.a(_addsub_df.o) (__thenan_df)
/usr/local/sce/ee/gcc/lib/gcc-lib/ee/3.2-ee-040921/libgcc.a(_df_to_usi.o)
                              /usr/local/sce/ee/gcc/lib/gcc-lib/ee/3.2-ee-040921/libgcc.a(_fixunsdfdi.o) (dptoul)
/usr/local/sce/ee/gcc/lib/gcc-lib/ee/3.2-ee-040921/libgcc.a(_clz.o)
                              /usr/local/sce/ee/gcc/lib/gcc-lib/ee/3.2-ee-040921/libgcc.a(_divdi3.o) (__clz_tab)
/usr/local/sce/ee/gcc/lib/gcc-lib/ee/3.2-ee-040921/libgcc.a(_floatdidf.o)
                              /usr/local/sce/ee/gcc/lib/gcc-lib/ee/3.2-ee-040921/libgcc.a(_fixunsdfdi.o) (__floatdidf)
/usr/local/sce/ee/gcc/lib/gcc-lib/ee/3.2-ee-040921/libgcc.a(_unpack_sf.o)
                              /usr/local/sce/ee/gcc/lib/gcc-lib/ee/3.2-ee-040921/libgcc.a(_sf_to_df.o) (__unpack_f)
/usr/local/sce/ee/gcc/lib/gcc-lib/ee/3.2-ee-040921/libgcc.a(_make_sf.o)
                              /usr/local/sce/ee/gcc/lib/gcc-lib/ee/3.2-ee-040921/libgcc.a(_df_to_sf.o) (__make_fp)
/usr/local/sce/ee/gcc/lib/gcc-lib/ee/3.2-ee-040921/libgcc.a(_pack_df.o)
                              /usr/local/sce/ee/gcc/lib/gcc-lib/ee/3.2-ee-040921/libgcc.a(_addsub_df.o) (__pack_d)
/usr/local/sce/ee/gcc/lib/gcc-lib/ee/3.2-ee-040921/libgcc.a(_unpack_df.o)
                              /usr/local/sce/ee/gcc/lib/gcc-lib/ee/3.2-ee-040921/libgcc.a(_addsub_df.o) (__unpack_d)
/usr/local/sce/ee/gcc/lib/gcc-lib/ee/3.2-ee-040921/libgcc.a(_fpcmp_parts_df.o)
                              /usr/local/sce/ee/gcc/lib/gcc-lib/ee/3.2-ee-040921/libgcc.a(_compare_df.o) (__fpcmp_parts_d)
/usr/local/sce/ee/gcc/lib/gcc-lib/ee/3.2-ee-040921/libgcc.a(_pack_sf.o)
                              /usr/local/sce/ee/gcc/lib/gcc-lib/ee/3.2-ee-040921/libgcc.a(_make_sf.o) (__pack_f)
/usr/local/sce/ee/gcc/lib/gcc-lib/ee/3.2-ee-040921/../../../../ee/lib/libc.a(errno.o)
                              /usr/local/sce/ee/lib/libkernl.a(glue.o) (__errno)
/usr/local/sce/ee/gcc/lib/gcc-lib/ee/3.2-ee-040921/../../../../ee/lib/libc.a(memset.o)
                              /usr/local/sce/ee/lib/libkernl.a(timer.o) (memset)

Allocating common symbols
Common symbol       size              file

errno               0x4               /usr/local/sce/ee/gcc/lib/gcc-lib/ee/3.2-ee-040921/../../../../ee/lib/libc.a(reent.o)

Memory Configuration

Name             Origin             Length             Attributes
*default*        0x0000000000000000 0xffffffffffffffff

Linker script and memory map

LOAD /usr/local/sce/ee/gcc/lib/gcc-lib/ee/3.2-ee-040921/crti.o
LOAD /usr/local/sce/ee/gcc/lib/gcc-lib/ee/3.2-ee-040921/crtbegin.o
LOAD obj/src/main/main.c.o
LOAD obj/src/os/mtc.c.o
LOAD obj/src/os/system.c.o
LOAD obj/crt0.o
LOAD /usr/local/sce/ee/lib/libgraph.a
LOAD /usr/local/sce/ee/lib/libpad.a
LOAD /usr/local/sce/ee/lib/libsdr.a
LOAD /usr/local/sce/ee/gcc/lib/gcc-lib/ee/3.2-ee-040921/../../../../ee/lib/libm.a
LOAD /usr/local/sce/ee/gcc/lib/gcc-lib/ee/3.2-ee-040921/libgcc.a
LOAD /usr/local/sce/ee/gcc/lib/gcc-lib/ee/3.2-ee-040921/libgcc.a
LOAD /usr/local/sce/ee/gcc/lib/gcc-lib/ee/3.2-ee-040921/crtend.o
LOAD /usr/local/sce/ee/gcc/lib/gcc-lib/ee/3.2-ee-040921/crtn.o
                0x0000000000100000                _stack_size = 0x100000
                0xffffffffffffffff                _stack = 0xffffffffffffffff
                0xffffffffffffffff                _heap_size = 0xffffffffffffffff
START GROUP
LOAD /usr/local/sce/ee/gcc/lib/gcc-lib/ee/3.2-ee-040921/../../../../ee/lib/libc.a
LOAD /usr/local/sce/ee/lib/libkernl.a
LOAD /usr/local/sce/ee/gcc/lib/gcc-lib/ee/3.2-ee-040921/libgcc.a
END GROUP

.text           0x0000000000100000     0xbdf8
 *(.text)
 .text          0x0000000000100000      0x118 /usr/local/sce/ee/gcc/lib/gcc-lib/ee/3.2-ee-040921/crtbegin.o
 .text          0x0000000000100118       0x78 obj/src/os/mtc.c.o
                0x0000000000100120                MtcInit
                0x0000000000100118                MtcChangeThCtrl
 .text          0x0000000000100190       0x98 obj/src/os/system.c.o
                0x00000000001001e0                mallocInit
                0x0000000000100190                FullAllocAndFree
                0x0000000000100208                main
 .text          0x0000000000100228      0x270 obj/crt0.o
                0x0000000000100244                _start
                0x0000000000100244                ENTRYPOINT
                0x0000000000100488                _exit
 .text          0x0000000000100498     0x1918 /usr/local/sce/ee/gcc/lib/gcc-lib/ee/3.2-ee-040921/libgcc.a(unwind-dw2-fde.o)
                0x0000000000101768                _Unwind_Find_FDE
                0x0000000000100780                __register_frame
                0x0000000000100860                __register_frame_table
                0x00000000001006e8                __register_frame_info_bases
                0x00000000001009a0                __deregister_frame_info
                0x0000000000100890                __deregister_frame_info_bases
                0x00000000001007d0                __register_frame_info_table_bases
                0x00000000001009b8                __deregister_frame
                0x0000000000100840                __register_frame_info_table
                0x0000000000100760                __register_frame_info
 .text          0x0000000000101db0       0x70 /usr/local/sce/ee/gcc/lib/gcc-lib/ee/3.2-ee-040921/crtend.o
 .text          0x0000000000101e20       0x18 /usr/local/sce/ee/gcc/lib/gcc-lib/ee/3.2-ee-040921/../../../../ee/lib/libc.a(abort.o)
                0x0000000000101e20                abort
 .text          0x0000000000101e38       0x98 /usr/local/sce/ee/gcc/lib/gcc-lib/ee/3.2-ee-040921/../../../../ee/lib/libc.a(atexit.o)
                0x0000000000101e38                atexit
 .text          0x0000000000101ed0       0x88 /usr/local/sce/ee/gcc/lib/gcc-lib/ee/3.2-ee-040921/../../../../ee/lib/libc.a(exit.o)
                0x0000000000101ed0                exit
 .text          0x0000000000101f58       0x40 /usr/local/sce/ee/gcc/lib/gcc-lib/ee/3.2-ee-040921/../../../../ee/lib/libc.a(malloc.o)
                0x0000000000101f58                malloc
                0x0000000000101f78                free
 .text          0x0000000000101f98      0x940 /usr/local/sce/ee/gcc/lib/gcc-lib/ee/3.2-ee-040921/../../../../ee/lib/libc.a(mallocr.o)
                0x00000000001021f0                _malloc_r
 .text          0x00000000001028d8       0xb0 /usr/local/sce/ee/gcc/lib/gcc-lib/ee/3.2-ee-040921/../../../../ee/lib/libc.a(mlock.o)
                0x0000000000102930                __malloc_unlock
                0x00000000001028d8                __malloc_lock
 .text          0x0000000000102988       0x50 /usr/local/sce/ee/gcc/lib/gcc-lib/ee/3.2-ee-040921/../../../../ee/lib/libc.a(sbrkr.o)
                0x0000000000102988                _sbrk_r
 .text          0x00000000001029d8      0x2d8 /usr/local/sce/ee/gcc/lib/gcc-lib/ee/3.2-ee-040921/../../../../ee/lib/libc.a(signal.o)
                0x0000000000102a40                _signal_r
                0x0000000000102ac8                _raise_r
                0x0000000000102b90                __sigtramp_r
                0x0000000000102c48                signal
                0x0000000000102c70                _init_signal
                0x00000000001029d8                _init_signal_r
                0x0000000000102c90                __sigtramp
                0x0000000000102c28                raise
 .text          0x0000000000102cb0       0x70 /usr/local/sce/ee/gcc/lib/gcc-lib/ee/3.2-ee-040921/../../../../ee/lib/libc.a(signalr.o)
                0x0000000000102cb0                _kill_r
                0x0000000000102d08                _getpid_r
 .text          0x0000000000102d20      0x138 /usr/local/sce/ee/gcc/lib/gcc-lib/ee/3.2-ee-040921/../../../../ee/lib/libc.a(strlen.o)
                0x0000000000102d20                strlen
 .text          0x0000000000102e58      0x440 /usr/local/sce/ee/gcc/lib/gcc-lib/ee/3.2-ee-040921/../../../../ee/lib/libc.a(freer.o)
                0x0000000000102e58                _free_r
                0x0000000000103138                _malloc_trim_r
 .text          0x0000000000103298      0x208 /usr/local/sce/ee/gcc/lib/gcc-lib/ee/3.2-ee-040921/../../../../ee/lib/libc.a(reent.o)
                0x0000000000103298                cleanup_glue
                0x00000000001032e0                _reclaim_reent
                0x0000000000103400                _wrapup_reent
 *fill*         0x00000000001034a0 0xa00000020 00
 .text          0x00000000001034c0      0x8a0 /usr/local/sce/ee/lib/libkernl.a(klib.o)
                0x0000000000103620                _EnableIntc
                0x00000000001035e0                RemoveIntcHandler
                0x0000000000103c10                iGsGetIMR
                0x0000000000103a10                RFU083_iSetEventFlag
                0x0000000000103550                RFU009
                0x0000000000103a80                RFU090_iReferEventFlagStatus
                0x00000000001036c0                iSetAlarm
                0x0000000000103950                ReferSemaStatus
                0x00000000001037f0                iReferThreadStatus
                0x0000000000103a00                RFU082_SetEventFlag
                0x0000000000103b80                iGetCop0
                0x0000000000103cf0                sceSifGetReg
                0x00000000001039b0                GetGsVParam
                0x0000000000103a90                RFU091
                0x0000000000103530                _ExecPS2
                0x00000000001039f0                RFU081_DeleteEventFlag
                0x00000000001035f0                AddDmacHandler
                0x0000000000103740                iTerminateThread
                0x0000000000103ae0                EnableDmacHandler
                0x00000000001038e0                CreateSema
                0x0000000000103960                iReferSemaStatus
                0x00000000001035a0                SetVCommonHandler
                0x0000000000103b00                DisableDmacHandler
                0x0000000000103760                EnableDispatchThread
                0x0000000000103bd0                SetCPUTimer
                0x00000000001034c0                RFU000_FullReset
                0x0000000000103bc0                SetCPUTimerHandler
                0x0000000000103750                DisableDispatchThread
                0x0000000000103560                AddSbusIntcHandler
                0x0000000000103ce0                sceSifSetReg
                0x0000000000103d10                Deci2Call
                0x0000000000103670                ReleaseAlarm
                0x0000000000103be0                SetOsdConfigParam2
                0x00000000001036b0                _iDisableDmac
                0x0000000000103cb0                isceSifSetDma
                0x0000000000103500                _Exit
                0x0000000000103820                _iWakeupThread
                0x0000000000103970                RFU073
                0x0000000000103990                GetOsdConfigParam
                0x0000000000103d50                _InitTLB
                0x0000000000103660                SetAlarm
                0x0000000000103bb0                sceSifStopDma
                0x0000000000103980                SetOsdConfigParam
                0x0000000000103b40                DisableCache
                0x00000000001039a0                GetGsHParam
                0x00000000001039e0                RFU080_CreateEventFlag
                0x0000000000103840                iCancelWakeupThread
                0x0000000000103710                ExitThread
                0x0000000000103ab0                iEnableIntcHandler
                0x0000000000103a20                RFU084_ClearEventFlag
                0x0000000000103ca0                sceSifSetDma
                0x00000000001037b0                ReleaseWaitThread
                0x0000000000103ac0                DisableIntcHandler
                0x0000000000103780                iChangeThreadPriority
                0x00000000001039c0                SetGsHParam
                0x0000000000103b20                KSeg0
                0x0000000000103630                _DisableIntc
                0x0000000000103c50                SetVSyncFlag
                0x0000000000103a70                RFU089_ReferEventFlagStatus
                0x0000000000103c20                GsPutIMR
                0x0000000000103c80                sceSifDmaStat
                0x0000000000103b50                GetCop0
                0x0000000000103cc0                sceSifSetDChain
                0x0000000000103c00                GsGetIMR
                0x00000000001037c0                iReleaseWaitThread
                0x00000000001037d0                GetThreadId
                0x00000000001035b0                SetVInterruptHandler
                0x0000000000103640                _EnableDmac
                0x0000000000103a50                RFU087_PollEvnetFlag
                0x00000000001038d0                RFU063
                0x0000000000103b60                FlushCache
                0x0000000000103d20                PSMode
                0x0000000000103d00                _ExecOSD
                0x0000000000103510                RFU005
                0x0000000000103650                _DisableDmac
                0x0000000000103600                AddDmacHandler2
                0x0000000000103d30                MachineType
                0x00000000001038b0                RFU061
                0x0000000000103870                ResumeThread
                0x0000000000103520                _LoadExecPS2
                0x0000000000103590                SetVTLBRefillHandler
                0x00000000001039d0                SetGsVParam
                0x0000000000103910                iSignalSema
                0x00000000001038c0                EndOfHeap
                0x00000000001036a0                _iEnableDmac
                0x0000000000103bf0                GetOsdConfigParam2
                0x0000000000103c60                RFU116
                0x00000000001035c0                AddIntcHandler
                0x0000000000103880                iResumeThread
                0x0000000000103940                iPollSema
                0x0000000000103aa0                EnableIntcHandler
                0x0000000000103540                RFU008
                0x00000000001037a0                _iRotateThreadReadyQueue
                0x00000000001037e0                ReferThreadStatus
                0x0000000000103830                CancelWakeupThread
                0x0000000000103770                ChangeThreadPriority
                0x00000000001034e0                SetGsCrt
                0x0000000000103580                Interrupt2Iop
                0x0000000000103c30                iGsPutIMR
                0x0000000000103610                RemoveDmacHandler
                0x00000000001034d0                ResetEE
                0x0000000000103c90                isceSifDmaStat
                0x0000000000103900                SignalSema
                0x0000000000103a30                RFU085_iClearEventFlag
                0x0000000000103ba0                iCpuConfig
                0x0000000000103680                _iEnableIntc
                0x0000000000103930                PollSema
                0x00000000001038a0                RFU060
                0x0000000000103cd0                isceSifSetDChain
                0x0000000000103af0                iEnableDmacHandler
                0x0000000000103810                WakeupThread
                0x0000000000103730                TerminateThread
                0x0000000000103700                _StartThread
                0x0000000000103860                _iSuspendThread
                0x0000000000103b30                EnableCache
                0x00000000001036f0                DeleteThread
                0x0000000000103d40                GetMemorySize
                0x0000000000103920                WaitSema
                0x00000000001035d0                AddIntcHandler2
                0x0000000000103c70                _print
                0x0000000000103a60                RFU088_iPollEvnetFlag
                0x0000000000103790                RotateThreadReadyQueue
                0x0000000000103800                SleepThread
                0x0000000000103b90                iFlushCache
                0x00000000001034f0                RFU003
                0x00000000001038f0                DeleteSema
                0x00000000001036e0                CreateThread
                0x0000000000103a40                RFU086_WaitEvnetFlag
                0x0000000000103690                _iDisableIntc
                0x0000000000103ad0                iDisableIntcHandler
                0x0000000000103570                RemoveSbusIntcHandler
                0x0000000000103850                SuspendThread
                0x0000000000103890                JoinThread
                0x0000000000103c40                SetPgifHandler
                0x0000000000103b70                CpuConfig
                0x0000000000103720                ExitDeleteThread
                0x00000000001036d0                iReleaseAlarm
                0x0000000000103b10                iDisableDmacHandler
 .text          0x0000000000103d60      0x3d0 /usr/local/sce/ee/lib/libkernl.a(glue.o)
                0x0000000000103fd0                ioctl
                0x0000000000103d60                sceResetttyinit
                0x00000000001040b0                getpid
                0x0000000000104090                isatty
                0x0000000000103fd8                lseek
                0x0000000000103ea8                write
                0x0000000000104098                fstat
                0x00000000001040b8                kill
                0x0000000000103f28                read
                0x0000000000104108                unlink
                0x0000000000103e00                VSync2
                0x0000000000103fe0                sbrk
                0x0000000000103d70                VSync
                0x00000000001040e0                stat
                0x0000000000103fa0                open
                0x0000000000103fc8                close
 .text          0x0000000000104130      0x230 /usr/local/sce/ee/lib/libkernl.a(intr.o)
                0x0000000000104210                DisableDmac
                0x0000000000104130                QueryIntrContext
                0x0000000000104140                DisableIntc
                0x00000000001042e0                iEnableIntc
                0x0000000000104300                iDisableIntc
                0x0000000000104340                iDisableDmac
                0x00000000001041a8                EnableIntc
                0x0000000000104320                iEnableDmac
                0x0000000000104278                EnableDmac
 .text          0x0000000000104360      0x544 /usr/local/sce/ee/lib/libkernl.a(tty.o)
                0x00000000001047e8                sceTtyInit
                0x00000000001045a0                sceTtyWrite
                0x0000000000104718                sceTtyRead
 *fill*         0x00000000001048a4 0xa00000004 00
 .text          0x00000000001048a8     0x1388 /usr/local/sce/ee/lib/libkernl.a(kprintf2.o)
                0x0000000000105a40                sceVsnprintf
                0x0000000000105b30                scePrintf
                0x0000000000105ac0                sceVprintf
                0x0000000000105bb0                kprintf
                0x0000000000105a78                sceSnprintf
 .text          0x0000000000105c30       0x68 /usr/local/sce/ee/lib/libkernl.a(diei.o)
                0x0000000000105c30                DIntr
                0x0000000000105c80                EIntr
 .text          0x0000000000105c98      0x2a4 /usr/local/sce/ee/lib/libkernl.a(initsys.o)
                0x0000000000105da0                GetSystemCallEntry
                0x0000000000105cf8                __sceKernlGetEhSemaId
                0x0000000000105ee8                _InitSys
 *fill*         0x0000000000105f3c 0xa00000004 00
 .text          0x0000000000105f40      0x17c /usr/local/sce/ee/lib/libkernl.a(libosd.o)
                0x0000000000106010                InitExecPS2
 *fill*         0x00000000001060bc 0xa00000004 00
 .text          0x00000000001060c0      0x29c /usr/local/sce/ee/lib/libkernl.a(exit.o)
                0x00000000001062e8                Exit
                0x00000000001062a0                LoadExecPS2
                0x0000000000106310                ExecOSD
                0x0000000000106230                ExecPS2
 *fill*         0x000000000010635c 0xa00000004 00
 .text          0x0000000000106360      0x13c /usr/local/sce/ee/lib/libkernl.a(alarm.o)
                0x00000000001063c8                InitAlarm
 *fill*         0x000000000010649c 0xa00000004 00
 .text          0x00000000001064a0     0x136c /usr/local/sce/ee/lib/libkernl.a(timer.o)
                0x0000000000107050                GetTimerUsedUnusedCounters
                0x00000000001070b0                iStartTimerCounter
                0x0000000000106698                EndTimer
                0x0000000000107668                TimerBusClock2USec
                0x0000000000107710                TimerUSec2BusClock
                0x0000000000106ec8                AllocTimerCounter
                0x0000000000107000                iGetTimerUsedUnusedCounters
                0x0000000000107780                TimerBusClock2Freq
                0x0000000000106d88                iGetTimerSystemTime
                0x0000000000106fb0                FreeTimerCounter
                0x0000000000107430                iGetTimerCount
                0x0000000000106750                GetTimerPreScaleFactor
                0x0000000000106e58                iAllocTimerCounter
                0x00000000001073e0                GetTimerBaseTime
                0x0000000000106780                StartTimerSystemTime
                0x0000000000107398                iGetTimerBaseTime
                0x00000000001075e8                SetTimerHandler
                0x00000000001077d8                TimerFreq2BusClock
                0x0000000000106530                SetT2_COMP
                0x0000000000107160                StartTimerCounter
                0x00000000001064a0                SetT2
                0x0000000000107278                StopTimerCounter
                0x0000000000106810                StopTimerSystemTime
                0x00000000001072c8                SetTimerCount
                0x00000000001071b0                iStopTimerCounter
                0x0000000000106dd8                GetTimerSystemTime
                0x0000000000106f10                iFreeTimerCounter
                0x00000000001074a0                GetTimerCount
                0x00000000001074f0                iSetTimerHandler
                0x0000000000106520                SetT2_MODE
                0x0000000000106540                InitTimer
                0x0000000000106510                SetT2_COUNT
 *fill*         0x000000000010780c 0xa00000004 00
 .text          0x0000000000107810      0x3f0 /usr/local/sce/ee/lib/libkernl.a(timeralarm.o)
                0x0000000000107810                _InitAlarm
                0x0000000000107ae0                ReleaseTimerAlarm
                0x0000000000107b88                iReleaseTimerAlarm
                0x00000000001078c0                SetTimerAlarm
                0x00000000001079f0                iSetTimerAlarm
 .text          0x0000000000107c00      0x260 /usr/local/sce/ee/lib/libkernl.a(iopnotify.o)
                0x0000000000107c28                sceSifSetRebootNotifyBuffer
                0x0000000000107d60                sceSifRemoveRebootNotifyHandler
                0x0000000000107db8                sceSifExecNotifyHandler
                0x0000000000107c00                sceSifInitRebootNotify
                0x0000000000107ca8                sceSifAddRebootNotifyHandler
 .text          0x0000000000107e60      0x5e0 /usr/local/sce/ee/lib/libkernl.a(thread.o)
                0x00000000001080c0                iRotateThreadReadyQueue
                0x0000000000108028                iWakeupThread
                0x0000000000108140                iSuspendThread
                0x0000000000107f38                InitThread
                0x00000000001081d8                DelayThread
                0x00000000001082a0                StartThread
 .text          0x0000000000108440      0x234 /usr/local/sce/ee/lib/libkernl.a(deci2.o)
                0x00000000001084e0                sceDeci2Poll
                0x0000000000108440                sceDeci2Open
                0x00000000001084b0                sceDeci2ReqSend
                0x0000000000108508                sceDeci2GrpOpen
                0x00000000001085d0                sceDeci2ExReqSend
                0x0000000000108488                sceDeci2Close
                0x0000000000108600                sceDeci2ExLock
                0x0000000000108650                kputs
                0x0000000000108538                sceDeci2GrpClose
                0x0000000000108598                sceDeci2ExSend
                0x0000000000108628                sceDeci2ExUnLock
                0x0000000000108560                sceDeci2ExRecv
 *fill*         0x0000000000108674 0xa00000004 00
 .text          0x0000000000108678      0x50c /usr/local/sce/ee/lib/libkernl.a(tlbfunc.o)
                0x0000000000108950                InitTLB
                0x00000000001088a0                iPutTLBEntry
                0x0000000000108910                iGetTLBEntry
                0x00000000001087c8                InitTLBFunctions
                0x0000000000108920                ProbeTLBEntry
                0x00000000001086d8                SetDebugHandler
                0x0000000000108930                iProbeTLBEntry
                0x0000000000108900                GetTLBEntry
                0x00000000001088f0                iSetTLBEntry
                0x00000000001088c0                SetTLBEntry
                0x0000000000108890                PutTLBEntry
                0x0000000000108678                SetTLBHandler
                0x0000000000108940                ExpandScratchPad
 *fill*         0x0000000000108b84 0xa0000003c 00
 .text          0x0000000000108bc0      0x35c /usr/local/sce/ee/lib/libkernl.a(tlbtrap.o)
                0x0000000000108cc0                _xlaunch
                0x0000000000108bc0                _kTLBException
                0x0000000000108d00                _kExitTLBHandler
                0x0000000000108e00                _kDebugException
 *fill*         0x0000000000108f1c 0xa00000004 00
 .text          0x0000000000108f20       0xc8 /usr/local/sce/ee/gcc/lib/gcc-lib/ee/3.2-ee-040921/libgcc.a(_floatdisf.o)
                0x0000000000108f20                __floatdisf
 .text          0x0000000000108fe8      0x108 /usr/local/sce/ee/gcc/lib/gcc-lib/ee/3.2-ee-040921/libgcc.a(_fixunsdfdi.o)
                0x0000000000108fe8                __fixunsdfdi
 .text          0x00000000001090f0      0x110 /usr/local/sce/ee/gcc/lib/gcc-lib/ee/3.2-ee-040921/libgcc.a(_fixunssfdi.o)
                0x00000000001090f0                __fixunssfdi
 .text          0x0000000000109200      0x7f0 /usr/local/sce/ee/gcc/lib/gcc-lib/ee/3.2-ee-040921/libgcc.a(_divdi3.o)
                0x0000000000109200                __divdi3
 .text          0x00000000001099f0      0x7f8 /usr/local/sce/ee/gcc/lib/gcc-lib/ee/3.2-ee-040921/libgcc.a(_moddi3.o)
                0x00000000001099f0                __moddi3
 .text          0x000000000010a1e8      0x6e0 /usr/local/sce/ee/gcc/lib/gcc-lib/ee/3.2-ee-040921/libgcc.a(_udivdi3.o)
                0x000000000010a1e8                __udivdi3
 .text          0x000000000010a8c8      0x6e8 /usr/local/sce/ee/gcc/lib/gcc-lib/ee/3.2-ee-040921/libgcc.a(_umoddi3.o)
                0x000000000010a8c8                __umoddi3
 .text          0x000000000010afb0       0x40 /usr/local/sce/ee/gcc/lib/gcc-lib/ee/3.2-ee-040921/libgcc.a(_sf_to_df.o)
                0x000000000010afb0                fptodp
 .text          0x000000000010aff0      0x2e8 /usr/local/sce/ee/gcc/lib/gcc-lib/ee/3.2-ee-040921/libgcc.a(_addsub_df.o)
                0x000000000010b270                dpsub
                0x000000000010b218                dpadd
 .text          0x000000000010b2d8      0x250 /usr/local/sce/ee/gcc/lib/gcc-lib/ee/3.2-ee-040921/libgcc.a(_mul_df.o)
                0x000000000010b2d8                dpmul
 .text          0x000000000010b528      0x150 /usr/local/sce/ee/gcc/lib/gcc-lib/ee/3.2-ee-040921/libgcc.a(_div_df.o)
                0x000000000010b528                dpdiv
 .text          0x000000000010b678       0x50 /usr/local/sce/ee/gcc/lib/gcc-lib/ee/3.2-ee-040921/libgcc.a(_compare_df.o)
                0x000000000010b678                dpcmp
 .text          0x000000000010b6c8       0xb0 /usr/local/sce/ee/gcc/lib/gcc-lib/ee/3.2-ee-040921/libgcc.a(_si_to_df.o)
                0x000000000010b6c8                litodp
 .text          0x000000000010b778       0x30 /usr/local/sce/ee/gcc/lib/gcc-lib/ee/3.2-ee-040921/libgcc.a(_make_df.o)
                0x000000000010b778                __make_dp
 .text          0x000000000010b7a8       0x58 /usr/local/sce/ee/gcc/lib/gcc-lib/ee/3.2-ee-040921/libgcc.a(_df_to_sf.o)
                0x000000000010b7a8                dptofp
 .text          0x000000000010b800       0xa0 /usr/local/sce/ee/gcc/lib/gcc-lib/ee/3.2-ee-040921/libgcc.a(_df_to_usi.o)
                0x000000000010b800                dptoul
 .text          0x000000000010b8a0       0x98 /usr/local/sce/ee/gcc/lib/gcc-lib/ee/3.2-ee-040921/libgcc.a(_floatdidf.o)
                0x000000000010b8a0                __floatdidf
 .text          0x000000000010b938       0x58 /usr/local/sce/ee/gcc/lib/gcc-lib/ee/3.2-ee-040921/libgcc.a(_unpack_sf.o)
                0x000000000010b938                __unpack_f
 .text          0x000000000010b990       0x30 /usr/local/sce/ee/gcc/lib/gcc-lib/ee/3.2-ee-040921/libgcc.a(_make_sf.o)
                0x000000000010b990                __make_fp
 .text          0x000000000010b9c0       0xd8 /usr/local/sce/ee/gcc/lib/gcc-lib/ee/3.2-ee-040921/libgcc.a(_pack_df.o)
                0x000000000010b9c0                __pack_d
 .text          0x000000000010ba98       0x90 /usr/local/sce/ee/gcc/lib/gcc-lib/ee/3.2-ee-040921/libgcc.a(_unpack_df.o)
                0x000000000010ba98                __unpack_d
 .text          0x000000000010bb28      0x100 /usr/local/sce/ee/gcc/lib/gcc-lib/ee/3.2-ee-040921/libgcc.a(_fpcmp_parts_df.o)
                0x000000000010bb28                __fpcmp_parts_d
 .text          0x000000000010bc28       0xb8 /usr/local/sce/ee/gcc/lib/gcc-lib/ee/3.2-ee-040921/libgcc.a(_pack_sf.o)
                0x000000000010bc28                __pack_f
 .text          0x000000000010bce0       0x10 /usr/local/sce/ee/gcc/lib/gcc-lib/ee/3.2-ee-040921/../../../../ee/lib/libc.a(errno.o)
                0x000000000010bce0                __errno
 .text          0x000000000010bcf0       0xc0 /usr/local/sce/ee/gcc/lib/gcc-lib/ee/3.2-ee-040921/../../../../ee/lib/libc.a(memset.o)
                0x000000000010bcf0                memset
 *(.text.*)
 *(.gnu.linkonce.t*)
 *(.init)
 .init          0x000000000010bdb0        0x8 /usr/local/sce/ee/gcc/lib/gcc-lib/ee/3.2-ee-040921/crti.o
                0x000000000010bdb0                _init
 .init          0x000000000010bdb8        0x8 /usr/local/sce/ee/gcc/lib/gcc-lib/ee/3.2-ee-040921/crtbegin.o
 .init          0x000000000010bdc0        0x8 /usr/local/sce/ee/gcc/lib/gcc-lib/ee/3.2-ee-040921/crtend.o
 .init          0x000000000010bdc8        0xc /usr/local/sce/ee/gcc/lib/gcc-lib/ee/3.2-ee-040921/crtn.o
 *(.fini)
 .fini          0x000000000010bdd4        0x8 /usr/local/sce/ee/gcc/lib/gcc-lib/ee/3.2-ee-040921/crti.o
                0x000000000010bdd4                _fini
 .fini          0x000000000010bddc        0x8 /usr/local/sce/ee/gcc/lib/gcc-lib/ee/3.2-ee-040921/crtbegin.o
 .fini          0x000000000010bde4        0xc /usr/local/sce/ee/gcc/lib/gcc-lib/ee/3.2-ee-040921/crtn.o
                0x000000000010bdf0        0x8 QUAD 0x0

.ctors          0x000000000010bdf8        0x8
 *crtbegin.o(.ctors)
 *(EXCLUDE_FILE ( *crtend.o).ctors)
 .ctors         0x000000000010bdf8        0x4 /usr/local/sce/ee/gcc/lib/gcc-lib/ee/3.2-ee-040921/crtbegin.o
 *(SORT(.ctors.*))
 *(.ctors)
 .ctors         0x000000000010bdfc        0x4 /usr/local/sce/ee/gcc/lib/gcc-lib/ee/3.2-ee-040921/crtend.o

.dtors          0x000000000010be00        0x8
 *crtbegin.o(.dtors)
 *(EXCLUDE_FILE ( *crtend.o).dtors)
 .dtors         0x000000000010be00        0x4 /usr/local/sce/ee/gcc/lib/gcc-lib/ee/3.2-ee-040921/crtbegin.o
 *(SORT(.dtors.*))
 *(.dtors)
 .dtors         0x000000000010be04        0x4 /usr/local/sce/ee/gcc/lib/gcc-lib/ee/3.2-ee-040921/crtend.o

.reginfo        0x000000000010be08       0x18
 *(.reginfo)
 .reginfo       0x000000000010be08       0x18 /usr/local/sce/ee/gcc/lib/gcc-lib/ee/3.2-ee-040921/crti.o

.data           0x000000000010be80     0x2de4
 *(.data)
 .data          0x000000000010be80        0x8 /usr/local/sce/ee/gcc/lib/gcc-lib/ee/3.2-ee-040921/crtbegin.o
                0x000000000010be80                __dso_handle
 .data          0x000000000010be88     0x1048 obj/src/os/mtc.c.o
                0x000000000010be88                mtcSemaPara
                0x000000000010bea0                th_para_Ctrl
                0x000000000010bed0                mtcStack_Ctrl
 .data          0x000000000010ced0        0x8 obj/src/os/system.c.o
 .data          0x000000000010ced8        0x4 /usr/local/sce/ee/gcc/lib/gcc-lib/ee/3.2-ee-040921/libgcc.a(unwind-dw2-fde.o)
 *fill*         0x000000000010cedc 0xa00000004 00
 .data          0x000000000010cee0      0x2f8 /usr/local/sce/ee/gcc/lib/gcc-lib/ee/3.2-ee-040921/../../../../ee/lib/libc.a(impure.o)
                0x000000000010d1d0                _impure_ptr
 .data          0x000000000010d1d8      0x458 /usr/local/sce/ee/gcc/lib/gcc-lib/ee/3.2-ee-040921/../../../../ee/lib/libc.a(mallocr.o)
                0x000000000010d5e8                __malloc_top_pad
                0x000000000010d5f8                __malloc_max_sbrked_mem
                0x000000000010d5f0                __malloc_sbrk_base
                0x000000000010d608                __malloc_current_mallinfo
                0x000000000010d1d8                __malloc_av_
                0x000000000010d600                __malloc_max_total_mem
                0x000000000010d5e0                __malloc_trim_threshold
 .data          0x000000000010d630        0x8 /usr/local/sce/ee/gcc/lib/gcc-lib/ee/3.2-ee-040921/../../../../ee/lib/libc.a(mlock.o)
 .data          0x000000000010d638       0x10 /usr/local/sce/ee/lib/libkernl.a(klib.o)
                0x000000000010d638                __ps2_klibinfo__
 .data          0x000000000010d648        0x8 /usr/local/sce/ee/lib/libkernl.a(glue.o)
 .data          0x000000000010d650        0x4 /usr/local/sce/ee/lib/libkernl.a(kprintf2.o)
 *fill*         0x000000000010d654 0xa00000004 00
 .data          0x000000000010d658       0x20 /usr/local/sce/ee/lib/libkernl.a(initsys.o)
                0x000000000010d670                __sce_sema_id
                0x000000000010d674                __sce_eh_sema_id
 .data          0x000000000010d678      0x7c0 /usr/local/sce/ee/lib/libkernl.a(libosd.o)
                0x000000000010de20                SysExecPS2Entry
 .data          0x000000000010de38        0x8 /usr/local/sce/ee/lib/libkernl.a(exit.o)
 .data          0x000000000010de40      0x7a8 /usr/local/sce/ee/lib/libkernl.a(alarm.o)
 .data          0x000000000010e5e8       0x20 /usr/local/sce/ee/lib/libkernl.a(timer.o)
 .data          0x000000000010e608        0x8 /usr/local/sce/ee/lib/libkernl.a(iopnotify.o)
 .data          0x000000000010e610        0x4 /usr/local/sce/ee/lib/libkernl.a(thread.o)
 *fill*         0x000000000010e614 0xa00000004 00
 .data          0x000000000010e618      0x64c /usr/local/sce/ee/lib/libkernl.a(tlbfunc.o)
                0x000000000010ec48                TLBInfo
                0x000000000010e950                _kDebugHandler
                0x000000000010e990                _kExecArg
                0x000000000010e948                _kTLBRefillHandler
 *(.data.*)
 *(.gnu.linkonce.d*)

.eh_frame       0x000000000010ec64      0x484
 .eh_frame      0x000000000010ec64      0x350 /usr/local/sce/ee/gcc/lib/gcc-lib/ee/3.2-ee-040921/libgcc.a(unwind-dw2-fde.o)
 .eh_frame      0x000000000010efb4        0x4 /usr/local/sce/ee/gcc/lib/gcc-lib/ee/3.2-ee-040921/crtend.o
 .eh_frame      0x000000000010efb8       0x50 /usr/local/sce/ee/gcc/lib/gcc-lib/ee/3.2-ee-040921/libgcc.a(_divdi3.o)
 .eh_frame      0x000000000010f008       0x50 /usr/local/sce/ee/gcc/lib/gcc-lib/ee/3.2-ee-040921/libgcc.a(_moddi3.o)
 .eh_frame      0x000000000010f058       0x48 /usr/local/sce/ee/gcc/lib/gcc-lib/ee/3.2-ee-040921/libgcc.a(_udivdi3.o)
 .eh_frame      0x000000000010f0a0       0x48 /usr/local/sce/ee/gcc/lib/gcc-lib/ee/3.2-ee-040921/libgcc.a(_umoddi3.o)

.jcr            0x000000000010f0e8        0x4
 .jcr           0x000000000010f0e8        0x4 /usr/local/sce/ee/gcc/lib/gcc-lib/ee/3.2-ee-040921/crtend.o

.rodata         0x000000000010f100      0x4b0
 *(.rodata)
 .rodata        0x000000000010f100       0x18 obj/src/os/system.c.o
 .rodata        0x000000000010f118       0x34 /usr/local/sce/ee/gcc/lib/gcc-lib/ee/3.2-ee-040921/libgcc.a(unwind-dw2-fde.o)
 *fill*         0x000000000010f14c 0xa00000004 00
 .rodata        0x000000000010f150        0x8 /usr/local/sce/ee/gcc/lib/gcc-lib/ee/3.2-ee-040921/../../../../ee/lib/libc.a(impure.o)
 .rodata        0x000000000010f158       0x70 /usr/local/sce/ee/lib/libkernl.a(tty.o)
 *fill*         0x000000000010f1c8 0xa00000008 00
 .rodata        0x000000000010f1d0      0x1c4 /usr/local/sce/ee/lib/libkernl.a(kprintf2.o)
 *fill*         0x000000000010f394 0xa00000004 00
 .rodata        0x000000000010f398       0x20 /usr/local/sce/ee/lib/libkernl.a(initsys.o)
 .rodata        0x000000000010f3b8        0x1 /usr/local/sce/ee/lib/libkernl.a(exit.o)
 *fill*         0x000000000010f3b9 0xa00000007 00
 .rodata        0x000000000010f3c0       0x55 /usr/local/sce/ee/lib/libkernl.a(thread.o)
 *fill*         0x000000000010f415 0xa00000003 00
 .rodata        0x000000000010f418       0x7c /usr/local/sce/ee/lib/libkernl.a(tlbfunc.o)
 *fill*         0x000000000010f494 0xa00000004 00
 .rodata        0x000000000010f498       0x18 /usr/local/sce/ee/gcc/lib/gcc-lib/ee/3.2-ee-040921/libgcc.a(_thenan_df.o)
                0x000000000010f498                __thenan_df
 .rodata        0x000000000010f4b0      0x100 /usr/local/sce/ee/gcc/lib/gcc-lib/ee/3.2-ee-040921/libgcc.a(_clz.o)
                0x000000000010f4b0                __clz_tab
 *(.rodata.*)
 *(.gnu.linkonce.r*)

.rel.dyn        0x000000000010f5b0        0x0

.rdata
 *(.rdata)

.gcc_except_table
 *(.gcc_except_table)
                0x00000000001175f0                _gp = ( ALIGN (0x80) + 0x7ff0)

.lit8
 *(.lit8)

.lit4
 *(.lit4)

.sdata
 *(.sdata)
 *(.sdata.*)
 *(.gnu.linkonce.s*)

.sbss           0x000000000010f600        0x4
                0x0000000000000000                _fbss = .
 *(.sbss)
 *(.scommon)
 .scommon       0x000000000010f600        0x4 /usr/local/sce/ee/gcc/lib/gcc-lib/ee/3.2-ee-040921/../../../../ee/lib/libc.a(reent.o)
                                          0x0 (size before relaxing)
                0x000000000010f600                errno

.bss            0x000000000010f680     0x46ec
 *(.bss)
 .bss           0x000000000010f680       0x28 /usr/local/sce/ee/gcc/lib/gcc-lib/ee/3.2-ee-040921/crtbegin.o
 *fill*         0x000000000010f6a8 0xa00000018 00
 .bss           0x000000000010f6c0      0x180 obj/crt0.o
 .bss           0x000000000010f840       0x10 /usr/local/sce/ee/gcc/lib/gcc-lib/ee/3.2-ee-040921/libgcc.a(unwind-dw2-fde.o)
 *fill*         0x000000000010f850 0xa00000030 00
 .bss           0x000000000010f880      0x3c0 /usr/local/sce/ee/lib/libkernl.a(tty.o)
 .bss           0x000000000010fc40       0x80 /usr/local/sce/ee/lib/libkernl.a(kprintf2.o)
 .bss           0x000000000010fcc0     0x2000 /usr/local/sce/ee/lib/libkernl.a(timer.o)
 .bss           0x0000000000111cc0      0x404 /usr/local/sce/ee/lib/libkernl.a(timeralarm.o)
 *fill*         0x00000000001120c4 0xa00000004 00
 .bss           0x00000000001120c8      0x200 /usr/local/sce/ee/lib/libkernl.a(iopnotify.o)
 *fill*         0x00000000001122c8 0xa00000008 00
 .bss           0x00000000001122d0      0x810 /usr/local/sce/ee/lib/libkernl.a(thread.o)
 .bss           0x0000000000112ae0       0x24 /usr/local/sce/ee/lib/libkernl.a(deci2.o)
 *fill*         0x0000000000112b04 0xa0000003c 00
 .bss           0x0000000000112b40     0x122c /usr/local/sce/ee/lib/libkernl.a(tlbtrap.o)
                0x0000000000113d6c                end = .
                0x0000000000113d6c                _end = .

.spad
 *(.spad)
OUTPUT(para.elf elf32-littlemips)

.mdebug         0x0000000000000000    0x214e0
 .mdebug        0x0000000000000000      0x268 /usr/local/sce/ee/gcc/lib/gcc-lib/ee/3.2-ee-040921/crti.o
 .mdebug        0x0000000000000268      0x3ec /usr/local/sce/ee/gcc/lib/gcc-lib/ee/3.2-ee-040921/crtbegin.o
 .mdebug        0x0000000000000654       0xd8 obj/src/main/main.c.o
 .mdebug        0x000000000000072c      0x270 obj/src/os/mtc.c.o
 .mdebug        0x000000000000099c      0x344 obj/src/os/system.c.o
 .mdebug        0x0000000000000ce0      0x660 obj/crt0.o
 .mdebug        0x0000000000001340     0x63ec /usr/local/sce/ee/gcc/lib/gcc-lib/ee/3.2-ee-040921/libgcc.a(unwind-dw2-fde.o)
 .mdebug        0x000000000000772c      0x254 /usr/local/sce/ee/gcc/lib/gcc-lib/ee/3.2-ee-040921/crtend.o
 .mdebug        0x0000000000007980      0x23c /usr/local/sce/ee/gcc/lib/gcc-lib/ee/3.2-ee-040921/crtn.o
 .mdebug        0x0000000000007bbc     0x1498 /usr/local/sce/ee/gcc/lib/gcc-lib/ee/3.2-ee-040921/../../../../ee/lib/libc.a(abort.o)
 .mdebug        0x0000000000009054     0x1218 /usr/local/sce/ee/gcc/lib/gcc-lib/ee/3.2-ee-040921/../../../../ee/lib/libc.a(atexit.o)
 .mdebug        0x000000000000a26c     0x14c8 /usr/local/sce/ee/gcc/lib/gcc-lib/ee/3.2-ee-040921/../../../../ee/lib/libc.a(exit.o)
 .mdebug        0x000000000000b734      0xfb4 /usr/local/sce/ee/gcc/lib/gcc-lib/ee/3.2-ee-040921/../../../../ee/lib/libc.a(impure.o)
 .mdebug        0x000000000000c6e8     0x1270 /usr/local/sce/ee/gcc/lib/gcc-lib/ee/3.2-ee-040921/../../../../ee/lib/libc.a(malloc.o)
 .mdebug        0x000000000000d958     0x2c90 /usr/local/sce/ee/gcc/lib/gcc-lib/ee/3.2-ee-040921/../../../../ee/lib/libc.a(mallocr.o)
 .mdebug        0x00000000000105e8     0x1374 /usr/local/sce/ee/gcc/lib/gcc-lib/ee/3.2-ee-040921/../../../../ee/lib/libc.a(mlock.o)
 .mdebug        0x000000000001195c     0x1428 /usr/local/sce/ee/gcc/lib/gcc-lib/ee/3.2-ee-040921/../../../../ee/lib/libc.a(sbrkr.o)
 .mdebug        0x0000000000012d84     0x1d04 /usr/local/sce/ee/gcc/lib/gcc-lib/ee/3.2-ee-040921/../../../../ee/lib/libc.a(signal.o)
 .mdebug        0x0000000000014a88     0x15ec /usr/local/sce/ee/gcc/lib/gcc-lib/ee/3.2-ee-040921/../../../../ee/lib/libc.a(signalr.o)
 .mdebug        0x0000000000016074      0x4a0 /usr/local/sce/ee/gcc/lib/gcc-lib/ee/3.2-ee-040921/../../../../ee/lib/libc.a(strlen.o)
 .mdebug        0x0000000000016514     0x1e1c /usr/local/sce/ee/gcc/lib/gcc-lib/ee/3.2-ee-040921/../../../../ee/lib/libc.a(freer.o)
 .mdebug        0x0000000000018330     0x16b0 /usr/local/sce/ee/gcc/lib/gcc-lib/ee/3.2-ee-040921/../../../../ee/lib/libc.a(reent.o)
 .mdebug        0x00000000000199e0     0x4a1c /usr/local/sce/ee/lib/libkernl.a(klib.o)
 .mdebug        0x000000000001e3fc      0x9b0 /usr/local/sce/ee/lib/libkernl.a(glue.o)
 .mdebug        0x000000000001edac      0x6c4 /usr/local/sce/ee/lib/libkernl.a(intr.o)
 .mdebug        0x000000000001f470      0x650 /usr/local/sce/ee/lib/libkernl.a(tty.o)
 .mdebug        0x000000000001fac0      0xa20 /usr/local/sce/ee/lib/libkernl.a(kprintf2.o)
 .mdebug        0x00000000000204e0      0x224 /usr/local/sce/ee/lib/libkernl.a(diei.o)
 .mdebug        0x0000000000020704      0x7d8 /usr/local/sce/ee/lib/libkernl.a(initsys.o)
 .mdebug        0x0000000000020edc      0x4c0 /usr/local/sce/ee/lib/libkernl.a(libosd.o)
 .mdebug        0x000000000002139c      0x63c /usr/local/sce/ee/lib/libkernl.a(exit.o)
 .mdebug        0x00000000000219d8      0x430 /usr/local/sce/ee/lib/libkernl.a(alarm.o)
 .mdebug        0x0000000000021e08     0x1594 /usr/local/sce/ee/lib/libkernl.a(timer.o)
 .mdebug        0x000000000002339c      0x5f8 /usr/local/sce/ee/lib/libkernl.a(timeralarm.o)
 .mdebug        0x0000000000023994      0x54c /usr/local/sce/ee/lib/libkernl.a(iopnotify.o)
 .mdebug        0x0000000000023ee0      0x864 /usr/local/sce/ee/lib/libkernl.a(thread.o)
 .mdebug        0x0000000000024744      0x7a0 /usr/local/sce/ee/lib/libkernl.a(deci2.o)
 .mdebug        0x0000000000024ee4      0xd0c /usr/local/sce/ee/lib/libkernl.a(tlbfunc.o)
 .mdebug        0x0000000000025bf0      0xa84 /usr/local/sce/ee/lib/libkernl.a(tlbtrap.o)
 .mdebug        0x0000000000026674     0x1c7c /usr/local/sce/ee/gcc/lib/gcc-lib/ee/3.2-ee-040921/libgcc.a(_floatdisf.o)
 .mdebug        0x00000000000282f0     0x1cac /usr/local/sce/ee/gcc/lib/gcc-lib/ee/3.2-ee-040921/libgcc.a(_fixunsdfdi.o)
 .mdebug        0x0000000000029f9c     0x1cd0 /usr/local/sce/ee/gcc/lib/gcc-lib/ee/3.2-ee-040921/libgcc.a(_fixunssfdi.o)
 .mdebug        0x000000000002bc6c     0x1d40 /usr/local/sce/ee/gcc/lib/gcc-lib/ee/3.2-ee-040921/libgcc.a(_divdi3.o)
 .mdebug        0x000000000002d9ac     0x1d40 /usr/local/sce/ee/gcc/lib/gcc-lib/ee/3.2-ee-040921/libgcc.a(_moddi3.o)
 .mdebug        0x000000000002f6ec     0x1d3c /usr/local/sce/ee/gcc/lib/gcc-lib/ee/3.2-ee-040921/libgcc.a(_udivdi3.o)
 .mdebug        0x0000000000031428     0x1d48 /usr/local/sce/ee/gcc/lib/gcc-lib/ee/3.2-ee-040921/libgcc.a(_umoddi3.o)
 .mdebug        0x0000000000033170     0x1a2c /usr/local/sce/ee/gcc/lib/gcc-lib/ee/3.2-ee-040921/libgcc.a(_sf_to_df.o)
 .mdebug        0x0000000000034b9c     0x1c34 /usr/local/sce/ee/gcc/lib/gcc-lib/ee/3.2-ee-040921/libgcc.a(_addsub_df.o)
 .mdebug        0x00000000000367d0     0x1b8c /usr/local/sce/ee/gcc/lib/gcc-lib/ee/3.2-ee-040921/libgcc.a(_mul_df.o)
 .mdebug        0x000000000003835c     0x1b58 /usr/local/sce/ee/gcc/lib/gcc-lib/ee/3.2-ee-040921/libgcc.a(_div_df.o)
 .mdebug        0x0000000000039eb4     0x1a58 /usr/local/sce/ee/gcc/lib/gcc-lib/ee/3.2-ee-040921/libgcc.a(_compare_df.o)
 .mdebug        0x000000000003b90c     0x1a20 /usr/local/sce/ee/gcc/lib/gcc-lib/ee/3.2-ee-040921/libgcc.a(_si_to_df.o)
 .mdebug        0x000000000003d32c     0x1a68 /usr/local/sce/ee/gcc/lib/gcc-lib/ee/3.2-ee-040921/libgcc.a(_make_df.o)
 .mdebug        0x000000000003ed94     0x1a3c /usr/local/sce/ee/gcc/lib/gcc-lib/ee/3.2-ee-040921/libgcc.a(_df_to_sf.o)
 .mdebug        0x00000000000407d0     0x197c /usr/local/sce/ee/gcc/lib/gcc-lib/ee/3.2-ee-040921/libgcc.a(_thenan_df.o)
 .mdebug        0x000000000004214c     0x1a24 /usr/local/sce/ee/gcc/lib/gcc-lib/ee/3.2-ee-040921/libgcc.a(_df_to_usi.o)
 .mdebug        0x0000000000043b70     0x1bcc /usr/local/sce/ee/gcc/lib/gcc-lib/ee/3.2-ee-040921/libgcc.a(_clz.o)
 .mdebug        0x000000000004573c     0x1c64 /usr/local/sce/ee/gcc/lib/gcc-lib/ee/3.2-ee-040921/libgcc.a(_floatdidf.o)
 .mdebug        0x00000000000473a0     0x1a20 /usr/local/sce/ee/gcc/lib/gcc-lib/ee/3.2-ee-040921/libgcc.a(_unpack_sf.o)
 .mdebug        0x0000000000048dc0     0x1a58 /usr/local/sce/ee/gcc/lib/gcc-lib/ee/3.2-ee-040921/libgcc.a(_make_sf.o)
 .mdebug        0x000000000004a818     0x1a14 /usr/local/sce/ee/gcc/lib/gcc-lib/ee/3.2-ee-040921/libgcc.a(_pack_df.o)
 .mdebug        0x000000000004c22c     0x1a30 /usr/local/sce/ee/gcc/lib/gcc-lib/ee/3.2-ee-040921/libgcc.a(_unpack_df.o)
 .mdebug        0x000000000004dc5c     0x1a34 /usr/local/sce/ee/gcc/lib/gcc-lib/ee/3.2-ee-040921/libgcc.a(_fpcmp_parts_df.o)
 .mdebug        0x000000000004f690     0x1a04 /usr/local/sce/ee/gcc/lib/gcc-lib/ee/3.2-ee-040921/libgcc.a(_pack_sf.o)
 .mdebug        0x0000000000051094     0x1020 /usr/local/sce/ee/gcc/lib/gcc-lib/ee/3.2-ee-040921/../../../../ee/lib/libc.a(errno.o)
 .mdebug        0x00000000000520b4      0x4b8 /usr/local/sce/ee/gcc/lib/gcc-lib/ee/3.2-ee-040921/../../../../ee/lib/libc.a(memset.o)

.mdebug.eabi64  0x0000000000000000        0x0
